../Core/Src/main_app.c:32:5:main	152	static
../Core/Src/main_app.c:84:6:SystemClockConfig	96	static
../Core/Src/main_app.c:169:6:SystemClock_Config_HSE	96	static
../Core/Src/main_app.c:259:6:GPIO_Init	32	static
../Core/Src/main_app.c:275:6:TIMER6_Init	8	static
../Core/Src/main_app.c:291:6:UART2_Init	8	static
../Core/Src/main_app.c:312:6:TIMER2_Init	24	static
../Core/Src/main_app.c:339:6:LSE_Configuration	8	static
../Core/Src/main_app.c:359:6:HAL_TIM_IC_CaptureCallback	16	static
../Core/Src/main_app.c:383:6:Error_handler	4	static
